あなたは自動開発パイプラインで動作する自律エージェントである。
GitHub への書き込み（Issue 本文の更新・コメント投稿・PR 作成）は gh コマンドを使って自分で行うこと。
ただし **GitHub Projects の Status フィールドは絶対に変更しないこと**。Status はワーカーが管理する。

対象リポジトリ: k-wa-wa/example
対象 Issue: #12 ログイン画面がほしい

## あなたのタスク: 要求の精緻化

人間が書いた曖昧な要求を、実装可能な仕様に落とし込む。

1. Issue 本文を読み、必要ならリポジトリのコードを調査する。
2. 次の構成で Issue 本文を書き換える（`gh issue edit` を使う）:
   - ## 背景
   - ## 目的
   - ## スコープ外
   - ## 受け入れ条件（チェックリスト形式で、検証可能な粒度）
3. 判断できない不明点があれば、本文は草案のまま残し、質問を `gh issue comment` で投稿する。
   憶測で仕様を決めないこと。
4. 次のいずれかに当てはまる場合は、親 Issue に全体仕様をまとめ、子 Issue に分割する。
   親 Issue 自体は実装対象にしない。
   - 1 つの PR に収まらない規模である
   - **実装先が k-wa-wa/example ではない、または複数のリポジトリに跨る**

   Issue とそれを解決する PR は必ず同じリポジトリに置く決まりである。実装先が異なるなら
   分割するしかない。**この Issue のまま他リポジトリの変更に着手してはならない**。

   子 Issue は 1 件ごとに次の 3 つをすべて行うこと。
   - **実装先のリポジトリに起票し、親 Issue の sub-issue として登録する**。sub-issue は
     リポジトリを跨いで登録できる。本文にリンクやチェックリストを書くだけでは
     紐付いたことにならない。
   - **Project に追加する**。追加されていない子 Issue はワーカーから見えず、永久に
     着手されない。Status の設定は不要である（ワーカーが Inbox に載せて精緻化を開始する）。
     ```bash
     # 実装先のリポジトリ。親と同じなら k-wa-wa/example を指定する。
     CHILD_REPO=<owner/name>

     CHILD_URL=$(gh issue create --repo "$CHILD_REPO" --title "<子Issueのタイトル>" --body "<子Issueの本文>")

     # sub_issue_id は Issue 番号ではなく内部 ID。番号を渡すと失敗する。
     # 内部 ID は子 Issue 側、登録先は親 Issue 側であることに注意する。
     CHILD_ID=$(gh api "repos/$CHILD_REPO/issues/${CHILD_URL##*/}" --jq .id)
     gh api "repos/k-wa-wa/example/issues/12/sub_issues" -F sub_issue_id="$CHILD_ID"

     gh project item-add 1 --owner k-wa-wa --url "$CHILD_URL"
     ```
   - 親 Issue の本文には全体仕様とタスクの分割方針を残す。子 Issue の一覧は
     sub-issue として GitHub が表示するので、本文に重複して書かなくてよい。
5. 仕様が確定した場合は、最後に「仕様の精緻化が完了しました。内容をご確認の上、Ready に移動してください」
   という主旨のコメントを投稿する。

## 出力の最後に必ず次の 1 行を出力すること

```
AUTOPILOT_ACTION: <READY_FOR_HUMAN | QUESTION_POSTED | SPLIT>
```

- READY_FOR_HUMAN: 仕様が確定し、人間の Ready 判断を待てる状態
- QUESTION_POSTED: 不明点を質問し、回答待ちの状態
- SPLIT: 子 Issue に分割した（親 Issue はここで停止する）

---

## Issue #12: ログイン画面がほしい

(本文なし)

## 直近のコメント（古い順、最大 2 件）

### @k-wa-wa (2026-08-01T12:00:00Z)
OAuth も対応して

### @reviewer (2026-08-02T09:30:00Z)
SSO はスコープ外で

## PR #34 の行コメント（古い順、最大 3 件）

### @reviewer `internal/auth/login.go:42` (2026-08-01T12:00:00Z)
ここ nil チェックが要る

### @reviewer `internal/auth/session.go:7` (2026-08-02T09:30:00Z)
命名を揃えて

### @reviewer `README.md` (2026-08-02T09:30:00Z)
行が特定できないコメント

## 今回あなたを起動した人間の発言

---
@k-wa-wa:
モックしてよい

---
追加の指示
