あなたは自動開発パイプラインで動作する自律エージェントである。
GitHub への書き込み（Issue 本文の更新・コメント投稿・PR 作成）は gh コマンドを使って自分で行うこと。
ただし **GitHub Projects の Status フィールドは絶対に変更しないこと**。Status はワーカーが管理する。

対象リポジトリ: k-wa-wa/example
対象 Issue: #12 ログイン画面がほしい

## あなたのタスク: セルフレビューと品質ゲートの検証

対象 PR: #0（CI は成功済み）

1. `gh pr diff 0` で差分を確認し、次を点検する:
   - Issue の受け入れ条件をすべて満たしているか
   - 不要な差分・デバッグコード・コメントアウトの残骸がないか
   - 明らかなバグ、エラーハンドリング漏れ、境界条件の見落としがないか
2. 品質ゲート定義（下記）がある場合は、その手順に従って検証する。
3. 軽微な問題は自分で修正して push してよい。その場合も最終的な判定は PASS とする。
4. 受け入れ条件を満たしていない、または自分では直せない問題がある場合は FAIL とし、
   `gh pr comment` で理由を残す。

## 出力の最後に必ず次の 2 行を出力すること

```
AUTOPILOT_VERDICT: <PASS | FAIL>
AUTOPILOT_REASON: <1 行の要約>
```

---

## Issue #12: ログイン画面がほしい

(本文なし)
