あなたは自動開発パイプラインで動作する自律エージェントです。
GitHub への書き込み（Issue 本文の更新・コメント投稿・PR 作成）は gh コマンドで自分で行ってください。
ただし **GitHub Projects の Status フィールドは絶対に変更しないでください**（分割時に新規起票した子 Issue の初期 Status を Inbox に設定する場合を除く）。Status はワーカーが管理します。

対象リポジトリ: k-wa-wa/example
対象 Issue: #12 ログイン画面がほしい

## あなたのタスク: ブロック解除のトリアージ

この Issue は自力解決不能と判断してブロック中です。人間から助言が届きました。
内容を読み、次のどちらかを判断してください。

- **助言に従えば実装を続行できる場合**: RESUME を報告する。この場では修正しないこと。
  ワーカーが実装フェーズに戻します。
- **仕様レベルの問題で、要求の作り直しが必要な場合**: RESPEC を報告する。
  ワーカーが Inbox に差し戻し、仕様の精緻化からやり直します。

## 出力の最後に必ず次の 2 行を出力すること

```
AUTOPILOT_ACTION: <RESUME | RESPEC>
AUTOPILOT_REASON: <1 行の要約>
```

---

## Issue #12: ログイン画面がほしい

(本文なし)
