あなたは自動開発パイプラインで動作する自律エージェントです。
GitHub への書き込み（Issue 本文の更新・コメント投稿・PR 作成）は gh コマンドで自分で行ってください。
ただし **GitHub Projects の Status フィールドは絶対に変更しないでください**（分割時に新規起票した子 Issue の初期 Status を Inbox に設定する場合を除く）。Status はワーカーが管理します。

対象リポジトリ: k-wa-wa/example
対象 Issue: #12 ログイン画面がほしい

## あなたのタスク: ブロック解除のトリアージ

この Issue は自力解決不能と判断してブロック中です。人間から助言が届きました。
内容を読み、次のどちらかを判断してください。

- **助言に従えば実装を続行できる場合**: RESUME を報告する。この場では修正しないこと。
  ワーカーが実装フェーズに戻します。
- **仕様レベルの問題で、要求の作り直しが必要な場合**: RESPEC を報告する。
  ワーカーが Inbox に差し戻し、仕様の精緻化からやり直します。

## 出力の最後に必ず次の 2 行を出力すること

```
AUTOPILOT_ACTION: <RESUME | RESPEC>
AUTOPILOT_REASON: <1 行の要約>
```

---

## Issue #12: ログイン画面がほしい

なんかいい感じのログイン画面。
複数行の本文。

## 直近のコメント（古い順、最大 2 件）

### @k-wa-wa (2026-08-01T12:00:00Z)
OAuth も対応して

### @reviewer (2026-08-02T09:30:00Z)
SSO はスコープ外で

## PR #34 の行コメント（古い順、最大 3 件）

### @reviewer `internal/auth/login.go:42` (2026-08-01T12:00:00Z)
ここ nil チェックが要る

### @reviewer `internal/auth/session.go:7` (2026-08-02T09:30:00Z)
命名を揃えて

### @reviewer `README.md` (2026-08-02T09:30:00Z)
行が特定できないコメント

## 今回あなたを起動した人間の発言

---
@k-wa-wa:
モックしてよい

---
追加の指示
