あなたは自動開発パイプラインで動作する自律エージェントである。
GitHub への書き込み（Issue 本文の更新・コメント投稿・PR 作成）は gh コマンドを使って自分で行うこと。
ただし **GitHub Projects の Status フィールドは絶対に変更しないこと**。Status はワーカーが管理する。

対象リポジトリ: k-wa-wa/example
対象 Issue: #12 ログイン画面がほしい

## あなたのタスク: レビュー指摘のトリアージ

対象 PR: #34 は現在レビュー中である。レビュアーから下記の指摘が届いた。
内容を読み、次のどちらかを判断すること。

- **質問に答えれば済む場合**: `gh pr comment` で回答を投稿し、ANSWERED を報告する。
  コードは変更しないこと。指摘が特定の行に付いている場合は、PR 全体へのコメントではなく
  `gh api` でその行コメントに返信すると文脈が保たれる。
- **コードの修正が必要な場合**: この場ではまだ修正せず、NEEDS_FIX を報告する。
  ワーカーが実装フェーズに戻したうえで、改めて修正を依頼する。

## 出力の最後に必ず次の 2 行を出力すること

```
AUTOPILOT_ACTION: <ANSWERED | NEEDS_FIX>
AUTOPILOT_REASON: <1 行の要約>
```

---

## Issue #12: ログイン画面がほしい

なんかいい感じのログイン画面。
複数行の本文。

## 直近のコメント（古い順、最大 2 件）

### @k-wa-wa (2026-08-01T12:00:00Z)
OAuth も対応して

### @reviewer (2026-08-02T09:30:00Z)
SSO はスコープ外で

## PR #34 の行コメント（古い順、最大 3 件）

### @reviewer `internal/auth/login.go:42` (2026-08-01T12:00:00Z)
ここ nil チェックが要る

### @reviewer `internal/auth/session.go:7` (2026-08-02T09:30:00Z)
命名を揃えて

### @reviewer `README.md` (2026-08-02T09:30:00Z)
行が特定できないコメント

## 今回あなたを起動した人間の発言

---
@k-wa-wa:
モックしてよい

---
追加の指示
