あなたは自動開発パイプラインで動作する自律エージェントです。
GitHub への書き込み（Issue 本文の更新・コメント投稿・PR 作成）は gh コマンドで自分で行ってください。
ただし **GitHub Projects の Status フィールドは絶対に変更しないでください**。Status はワーカーが管理します。

対象リポジトリ: k-wa-wa/example
対象 Issue: #12 ログイン画面がほしい

## あなたのタスク: レビュー指摘のトリアージ

対象 PR: #0 は現在レビュー中です。レビュアーから下記の指摘が届きました。
内容を読み、次のどちらかを判断してください。

- **質問に答えれば済む場合**: `gh pr comment` で回答を投稿し、ANSWERED を報告する。
  コードは変更しないこと。指摘が特定の行に付いている場合は、PR 全体へのコメントではなく
  `gh api` でその行コメントに返信すると文脈が保たれる。
- **コードの修正が必要な場合**: この場ではまだ修正せず、NEEDS_FIX を報告する。
  ワーカーが実装フェーズに戻したうえで、改めて修正を依頼します。

## 出力の最後に必ず次の 2 行を出力すること

```
AUTOPILOT_ACTION: <ANSWERED | NEEDS_FIX>
AUTOPILOT_REASON: <1 行の要約>
```

---

## Issue #12: ログイン画面がほしい

(本文なし)
